args: ["--output", "json", "--dry-run", "media", "alt-text", "1585341984679469056", ""]
store: empty
exit_code: 0
stdout_len: 182
stderr_len: 0
--- stdout ---
{
  "command": "media-alt-text",
  "exit_code": 1,
  "media_id": "1585341984679469056",
  "reason": "empty-alt-text",
  "status": "dry_run",
  "text": "",
  "would_succeed": false
}

--- stderr ---

