args: ["--output", "json", "--dry-run", "post", "hi"]
store: empty
exit_code: 0
stdout_len: 233
stderr_len: 0
--- stdout ---
{
  "body": "hi",
  "command": "post",
  "exit_code": 77,
  "media_ids": [],
  "message": "Auth Error: NoAuthMethod: no authentication method available",
  "reason": "auth-required",
  "status": "dry_run",
  "would_succeed": false
}

--- stderr ---

