args: ["--output", "json", "skill", "install"]
store: empty
exit_code: 2
stdout_len: 359
stderr_len: 0
--- stdout ---
{
  "action": "skill-install",
  "exit_code": 2,
  "known_hosts": [
    "claude_code",
    "codex",
    "cursor",
    "factory",
    "kiro",
    "opencode"
  ],
  "message": "missing target host; pass <host> or --all",
  "next_step": {
    "action": "show-help",
    "command": "xr skill install --help"
  },
  "reason": "missing-host",
  "status": "error"
}

--- stderr ---

