args: ["--output", "json", "--bogus-flag"]
store: empty
exit_code: 2
stdout_len: 0
stderr_len: 251
--- stdout ---

--- stderr ---
{
  "exit_code": 2,
  "message": "unexpected argument '--bogus-flag' found\n\n  tip: to pass '--bogus-flag' as a value, use '-- --bogus-flag'\n\nUsage: xr --output <OUTPUT> [URL]\n\nTry 'xr --help'.",
  "reason": "invalid-args",
  "status": "error"
}

