args: ["--output", "json", "--no-interactive", "delete", "123"]
store: empty
exit_code: 1
stdout_len: 0
stderr_len: 240
--- stdout ---

--- stderr ---
{
  "command": "delete",
  "exit_code": 1,
  "next_step": {
    "action": "confirm",
    "template": "xr --output json --no-interactive delete 123 --force"
  },
  "post_id": "123",
  "reason": "confirmation-required",
  "status": "error"
}

