args: ["--output", "json", "skill", "update", "--all"]
env: XURL_SKILL_HOME={{SKILL_HOME}}
store: empty
exit_code: 0
stdout_len: 2423
stderr_len: 0
--- stdout ---
{
  "action": "skill-update",
  "status": "ok",
  "installations": [
    {
      "action": "skill-update",
      "host": "claude_code",
      "install_dir": "{{SKILL_HOME}}/.claude/skills/xurl-rs",
      "command_preview": "git clone --depth 1 https://github.com/brettdavies/xurl-rs-skill.git {{SKILL_HOME}}/.claude/skills/xurl-rs",
      "destination_status": "absent",
      "status": "skipped",
      "exit_code": 0,
      "reason": "not-installed"
    },
    {
      "action": "skill-update",
      "host": "codex",
      "install_dir": "{{SKILL_HOME}}/.agents/skills/xurl-rs",
      "command_preview": "git clone --depth 1 https://github.com/brettdavies/xurl-rs-skill.git {{SKILL_HOME}}/.agents/skills/xurl-rs",
      "destination_status": "absent",
      "status": "skipped",
      "exit_code": 0,
      "reason": "not-installed"
    },
    {
      "action": "skill-update",
      "host": "cursor",
      "install_dir": "{{SKILL_HOME}}/.cursor/skills/xurl-rs",
      "command_preview": "git clone --depth 1 https://github.com/brettdavies/xurl-rs-skill.git {{SKILL_HOME}}/.cursor/skills/xurl-rs",
      "destination_status": "absent",
      "status": "skipped",
      "exit_code": 0,
      "reason": "not-installed"
    },
    {
      "action": "skill-update",
      "host": "factory",
      "install_dir": "{{SKILL_HOME}}/.factory/skills/xurl-rs",
      "command_preview": "git clone --depth 1 https://github.com/brettdavies/xurl-rs-skill.git {{SKILL_HOME}}/.factory/skills/xurl-rs",
      "destination_status": "absent",
      "status": "skipped",
      "exit_code": 0,
      "reason": "not-installed"
    },
    {
      "action": "skill-update",
      "host": "kiro",
      "install_dir": "{{SKILL_HOME}}/.kiro/skills/xurl-rs",
      "command_preview": "git clone --depth 1 https://github.com/brettdavies/xurl-rs-skill.git {{SKILL_HOME}}/.kiro/skills/xurl-rs",
      "destination_status": "absent",
      "status": "skipped",
      "exit_code": 0,
      "reason": "not-installed"
    },
    {
      "action": "skill-update",
      "host": "opencode",
      "install_dir": "{{SKILL_HOME}}/.config/opencode/skills/xurl-rs",
      "command_preview": "git clone --depth 1 https://github.com/brettdavies/xurl-rs-skill.git {{SKILL_HOME}}/.config/opencode/skills/xurl-rs",
      "destination_status": "absent",
      "status": "skipped",
      "exit_code": 0,
      "reason": "not-installed"
    }
  ],
  "exit_code": 0
}

--- stderr ---

