args: ["--output", "json", "relative/path"]
store: empty
exit_code: 1
stdout_len: 0
stderr_len: 253
--- stdout ---

--- stderr ---
{
  "exit_code": 1,
  "message": "URL \"relative/path\" must be an absolute http(s) URL or an absolute path starting with `/`.",
  "next_step": {
    "action": "show-help",
    "command": "xr --help"
  },
  "reason": "validation",
  "status": "error"
}

