args: ["--output", "json", "auth", "oauth2"]
store: empty
exit_code: 2
stdout_len: 0
stderr_len: 370
--- stdout ---

--- stderr ---
{
  "exit_code": 2,
  "message": "no app carries client credentials. Run: xr auth apps add <name> --client-id <client-id> --client-secret <client-secret>",
  "next_step": {
    "action": "register-app",
    "template": "xr auth apps add <name> --client-id <client-id> --client-secret <client-secret>"
  },
  "reason": "client-credentials-missing",
  "status": "error"
}

