args: ["--output", "json", "skill", "install", "claude_code"]
env: XURL_SKILL_HOME={{SKILL_HOME}}
store: empty
exit_code: 1
stdout_len: 352
stderr_len: 0
--- stdout ---
{
  "action": "skill-install",
  "host": "claude_code",
  "install_dir": "{{SKILL_HOME}}/.claude/skills/xurl-rs",
  "command_preview": "git clone --depth 1 https://github.com/brettdavies/xurl-rs-skill.git {{SKILL_HOME}}/.claude/skills/xurl-rs",
  "destination_status": "file",
  "status": "error",
  "exit_code": 1,
  "reason": "destination-is-file"
}

--- stderr ---

