args: ["--output", "json", "validate", "--schema", "bogus"]
store: empty
stdin: "{}"
exit_code: 1
stdout_len: 0
stderr_len: 561
--- stdout ---

--- stderr ---
{
  "exit_code": 1,
  "known_schemas": [
    "post",
    "posts",
    "user",
    "users",
    "dm",
    "dms",
    "usage",
    "credits",
    "envelope",
    "like",
    "follow",
    "delete",
    "repost",
    "bookmark",
    "mute",
    "block",
    "moderators"
  ],
  "message": "unknown schema \"bogus\"; pass one of post, posts, user, users, dm, dms, usage, credits, envelope, like, follow, delete, repost, bookmark, mute, block, moderators or omit --schema for auto-detection",
  "reason": "unknown-schema",
  "schema": "bogus",
  "status": "error"
}

