args: ["--output", "json", "media", "status", "4242", "--wait=1"]
store: oauth2
exit_code: 1
stdout_len: 0
stderr_len: 273
--- stdout ---

--- stderr ---
{
  "exit_code": 1,
  "media_id": "4242",
  "message": "media 4242 was still processing when the 1-second wait ended",
  "next_step": {
    "action": "resume-wait",
    "command": "xr media status 4242 --wait=2"
  },
  "reason": "processing-timeout",
  "status": "error"
}

