args: ["--output", "json", "skill", "update", "--all"]
env: HOME={{HOME}}
store: empty
exit_code: 0
stdout_len: 2349
stderr_len: 0
--- stdout ---
{
  "action": "skill-update",
  "status": "ok",
  "installations": [
    {
      "action": "skill-update",
      "host": "claude_code",
      "install_dir": "{{HOME}}/.claude/skills/xurl-rs",
      "command_preview": "git clone --depth 1 https://github.com/brettdavies/xurl-rs-skill.git {{HOME}}/.claude/skills/xurl-rs",
      "destination_status": "absent",
      "status": "skipped",
      "exit_code": 0,
      "reason": "not-installed"
    },
    {
      "action": "skill-update",
      "host": "codex",
      "install_dir": "{{HOME}}/.codex/skills/xurl-rs",
      "command_preview": "git clone --depth 1 https://github.com/brettdavies/xurl-rs-skill.git {{HOME}}/.codex/skills/xurl-rs",
      "destination_status": "absent",
      "status": "skipped",
      "exit_code": 0,
      "reason": "not-installed"
    },
    {
      "action": "skill-update",
      "host": "cursor",
      "install_dir": "{{HOME}}/.cursor/skills/xurl-rs",
      "command_preview": "git clone --depth 1 https://github.com/brettdavies/xurl-rs-skill.git {{HOME}}/.cursor/skills/xurl-rs",
      "destination_status": "absent",
      "status": "skipped",
      "exit_code": 0,
      "reason": "not-installed"
    },
    {
      "action": "skill-update",
      "host": "factory",
      "install_dir": "{{HOME}}/.factory/skills/xurl-rs",
      "command_preview": "git clone --depth 1 https://github.com/brettdavies/xurl-rs-skill.git {{HOME}}/.factory/skills/xurl-rs",
      "destination_status": "absent",
      "status": "skipped",
      "exit_code": 0,
      "reason": "not-installed"
    },
    {
      "action": "skill-update",
      "host": "kiro",
      "install_dir": "{{HOME}}/.kiro/skills/xurl-rs",
      "command_preview": "git clone --depth 1 https://github.com/brettdavies/xurl-rs-skill.git {{HOME}}/.kiro/skills/xurl-rs",
      "destination_status": "absent",
      "status": "skipped",
      "exit_code": 0,
      "reason": "not-installed"
    },
    {
      "action": "skill-update",
      "host": "opencode",
      "install_dir": "{{HOME}}/.config/opencode/skills/xurl-rs",
      "command_preview": "git clone --depth 1 https://github.com/brettdavies/xurl-rs-skill.git {{HOME}}/.config/opencode/skills/xurl-rs",
      "destination_status": "absent",
      "status": "skipped",
      "exit_code": 0,
      "reason": "not-installed"
    }
  ],
  "exit_code": 0
}

--- stderr ---

