args: ["schema", "--list"]
store: empty
exit_code: 0
stdout_len: 2262
stderr_len: 0
--- stdout ---
auth-apps-list                Vec<AppStatusEntry>
auth-status                   Vec<AppStatusEntry>
block                         ApiResponse<BlockingResult>
blocked                       ApiResponse<Vec<User>>
bookmark                      ApiResponse<BookmarkedResult>
bookmarks                     ApiResponse<Vec<Post>>
broadcasts-moderators-add     ApiResponse<ChatModeratorsResult>
broadcasts-moderators-list    ApiResponse<Vec<User>>
broadcasts-moderators-remove  ApiResponse<ChatModeratorsResult>
delete                        ApiResponse<DeletedResult>
dm                            ApiResponse<DmSentResult>
dms                           ApiResponse<Vec<DmEvent>>
follow                        ApiResponse<FollowingResult>
followers                     ApiResponse<Vec<User>>
following                     ApiResponse<Vec<User>>
like                          ApiResponse<LikedResult>
likes                         ApiResponse<Vec<Post>>
mentions                      ApiResponse<Vec<Post>>
mute                          ApiResponse<MutingResult>
muted                         ApiResponse<Vec<User>>
post                          ApiResponse<Post>
quote                         ApiResponse<Post>
read                          ApiResponse<Post>
redirect-uri-get              RedirectUriGetResponse
redirect-uri-set              RedirectUriSetResponse
reply                         ApiResponse<Post>
repost                        ApiResponse<RepostedResult>
search                        ApiResponse<Vec<Post>>
skill-install                 InstallEnvelope
skill-install-all             InstallMultiEnvelope
timeline                      ApiResponse<Vec<Post>>
unblock                       ApiResponse<BlockingResult>
unbookmark                    ApiResponse<BookmarkedResult>
unfollow                      ApiResponse<FollowingResult>
unlike                        ApiResponse<LikedResult>
unmute                        ApiResponse<MutingResult>
unrepost                      ApiResponse<RepostedResult>
usage                         ApiResponse<UsageData>
usage-credits                 ApiResponse<UsageCreditsData>
user                          ApiResponse<User>
whoami                        ApiResponse<User>
envelope                      Envelope

--- stderr ---

