args: ["schema", "--list"]
store: empty
exit_code: 0
stdout_len: 3114
stderr_len: 0
--- stdout ---
auth-apps-list                 Vec<AppStatusEntry>
auth-status                    Vec<AppStatusEntry>
block                          ApiResponse<BlockingResult>
blocked                        ApiResponse<Vec<User>>
bookmark                       ApiResponse<BookmarkedResult>
bookmarks                      ApiResponse<Vec<Post>>
broadcasts-moderators-add      ApiResponse<ChatModeratorsResult>
broadcasts-moderators-list     ApiResponse<Vec<User>>
broadcasts-moderators-remove   ApiResponse<ChatModeratorsResult>
delete                         ApiResponse<DeletedResult>
dm                             ApiResponse<DmSentResult>
dms                            ApiResponse<Vec<DmEvent>>
follow                         ApiResponse<FollowingResult>
followers                      ApiResponse<Vec<User>>
following                      ApiResponse<Vec<User>>
like                           ApiResponse<LikedResult>
likes                          ApiResponse<Vec<Post>>
media-alt-text                 ApiResponse<MediaMetadataResult>
media-subtitles-add            ApiResponse<MediaSubtitlesResult>
media-subtitles-remove         ApiResponse<DeletedResult>
mentions                       ApiResponse<Vec<Post>>
mute                           ApiResponse<MutingResult>
muted                          ApiResponse<Vec<User>>
post                           ApiResponse<Post>
quote                          ApiResponse<Post>
read                           ApiResponse<Post>
redirect-uri-get               RedirectUriGetResponse
redirect-uri-set               RedirectUriSetResponse
reply                          ApiResponse<Post>
repost                         ApiResponse<RepostedResult>
search                         ApiResponse<Vec<Post>>
skill-install                  InstallEnvelope
skill-install-all              InstallMultiEnvelope
timeline                       ApiResponse<Vec<Post>>
unblock                        ApiResponse<BlockingResult>
unbookmark                     ApiResponse<BookmarkedResult>
unfollow                       ApiResponse<FollowingResult>
unlike                         ApiResponse<LikedResult>
unmute                         ApiResponse<MutingResult>
unrepost                       ApiResponse<RepostedResult>
usage                          ApiResponse<UsageData>
usage-credits                  ApiResponse<UsageCreditsData>
user                           ApiResponse<User>
webhooks-add                   ApiResponse<Webhook>
webhooks-list                  ApiResponse<Vec<Webhook>>
webhooks-remove                ApiResponse<DeletedResult>
webhooks-replay                ApiResponse<WebhookReplayJob>
webhooks-subscriptions-add     ApiResponse<SubscribedResult>
webhooks-subscriptions-check   ApiResponse<SubscribedResult>
webhooks-subscriptions-count   ApiResponse<AccountActivitySubscriptionCount>
webhooks-subscriptions-list    ApiResponse<AccountActivitySubscriptions>
webhooks-subscriptions-remove  ApiResponse<SubscribedResult>
webhooks-validate              ApiResponse<WebhookValidation>
whoami                         ApiResponse<User>
envelope                       Envelope

--- stderr ---

